0 verbose cli /.sprite/languages/node/nvm/versions/node/v24.18.0/bin/node /.sprite/languages/node/nvm/versions/node/v24.18.0/bin/npm
1 info using npm@12.0.2
2 info using node@v24.18.0
3 silly config load:file:/.sprite/languages/node/nvm/versions/node/v24.18.0/lib/node_modules/npm/npmrc
4 silly config load:file:/home/sprite/.npmrc
5 silly config load:file:/.sprite/languages/node/nvm/versions/node/v24.18.0/etc/npmrc
6 verbose title npm install
7 verbose argv "install"
8 verbose logfile logs-max:10 dir:/home/sprite/.npm/_logs/2026-09-25T13_33_09_612Z-
9 verbose logfile /home/sprite/.npm/_logs/2026-09-25T13_33_09_612Z-debug-0.log
10 silly logfile done cleaning log files
11 silly packumentCache heap:2348810240 maxSize:587202560 maxEntrySize:293601280
12 silly idealTree buildDeps
13 silly reify moves {}
14 http fetch GET 200 https://registry.npmjs.org/npm 205ms
15 silly audit bulk request {
15 silly audit   '@babel/code-frame': [ '7.29.7' ],
15 silly audit   '@babel/compat-data': [ '7.29.7' ],
15 silly audit   '@babel/core': [ '7.29.7' ],
15 silly audit   '@babel/generator': [ '7.29.8' ],
15 silly audit   '@babel/helper-compilation-targets': [ '7.29.7' ],
15 silly audit   '@babel/helper-globals': [ '7.29.7' ],
15 silly audit   '@babel/helper-module-imports': [ '7.29.7' ],
15 silly audit   '@babel/helper-module-transforms': [ '7.29.7' ],
15 silly audit   '@babel/helper-plugin-utils': [ '7.29.7' ],
15 silly audit   '@babel/helper-string-parser': [ '7.29.7' ],
15 silly audit   '@babel/helper-validator-identifier': [ '7.29.7' ],
15 silly audit   '@babel/helper-validator-option': [ '7.29.7' ],
15 silly audit   '@babel/helpers': [ '7.29.7' ],
15 silly audit   '@babel/parser': [ '7.29.8' ],
15 silly audit   '@babel/plugin-transform-react-jsx-self': [ '7.29.7' ],
15 silly audit   '@babel/plugin-transform-react-jsx-source': [ '7.29.7' ],
15 silly audit   '@babel/template': [ '7.29.7' ],
15 silly audit   '@babel/traverse': [ '7.29.8' ],
15 silly audit   '@babel/types': [ '7.29.8' ],
15 silly audit   '@jridgewell/gen-mapping': [ '0.3.13' ],
15 silly audit   '@jridgewell/remapping': [ '2.3.5' ],
15 silly audit   '@jridgewell/resolve-uri': [ '3.1.2' ],
15 silly audit   '@jridgewell/sourcemap-codec': [ '1.6.0' ],
15 silly audit   '@jridgewell/trace-mapping': [ '0.3.31' ],
15 silly audit   '@oxc-project/types': [ '0.150.0' ],
15 silly audit   '@rolldown/binding-android-arm-eabi': [ '1.2.9' ],
15 silly audit   '@rolldown/binding-android-arm64': [ '1.2.9' ],
15 silly audit   '@rolldown/binding-darwin-arm64': [ '1.2.9' ],
15 silly audit   '@rolldown/binding-darwin-x64': [ '1.2.9' ],
15 silly audit   '@rolldown/binding-freebsd-x64': [ '1.2.9' ],
15 silly audit   '@rolldown/binding-linux-arm-gnueabihf': [ '1.2.9' ],
15 silly audit   '@rolldown/binding-linux-arm64-gnu': [ '1.2.9' ],
15 silly audit   '@rolldown/binding-linux-arm64-musl': [ '1.2.9' ],
15 silly audit   '@rolldown/binding-linux-ppc64-gnu': [ '1.2.9' ],
15 silly audit   '@rolldown/binding-linux-s390x-gnu': [ '1.2.9' ],
15 silly audit   '@rolldown/binding-linux-x64-gnu': [ '1.2.9' ],
15 silly audit   '@rolldown/binding-linux-x64-musl': [ '1.2.9' ],
15 silly audit   '@rolldown/binding-openharmony-arm64': [ '1.2.9' ],
15 silly audit   '@rolldown/binding-win32-arm64-msvc': [ '1.2.9' ],
15 silly audit   '@rolldown/binding-win32-x64-msvc': [ '1.2.9' ],
15 silly audit   '@rolldown/pluginutils': [ '1.0.0-rc.3', '1.0.1' ],
15 silly audit   '@tailwindcss/node': [ '4.3.3' ],
15 silly audit   '@tailwindcss/oxide': [ '4.3.3' ],
15 silly audit   '@tailwindcss/oxide-android-arm64': [ '4.3.3' ],
15 silly audit   '@tailwindcss/oxide-darwin-arm64': [ '4.3.3' ],
15 silly audit   '@tailwindcss/oxide-darwin-x64': [ '4.3.3' ],
15 silly audit   '@tailwindcss/oxide-freebsd-x64': [ '4.3.3' ],
15 silly audit   '@tailwindcss/oxide-linux-arm-gnueabihf': [ '4.3.3' ],
15 silly audit   '@tailwindcss/oxide-linux-arm64-gnu': [ '4.3.3' ],
15 silly audit   '@tailwindcss/oxide-linux-arm64-musl': [ '4.3.3' ],
15 silly audit   '@tailwindcss/oxide-linux-x64-gnu': [ '4.3.3' ],
15 silly audit   '@tailwindcss/oxide-linux-x64-musl': [ '4.3.3' ],
15 silly audit   '@tailwindcss/oxide-wasm32-wasi': [ '4.3.3' ],
15 silly audit   '@tailwindcss/oxide-win32-arm64-msvc': [ '4.3.3' ],
15 silly audit   '@tailwindcss/oxide-win32-x64-msvc': [ '4.3.3' ],
15 silly audit   '@tailwindcss/vite': [ '4.3.3' ],
15 silly audit   '@tanstack/history': [ '1.162.4' ],
15 silly audit   '@tanstack/react-router': [ '1.170.36' ],
15 silly audit   '@tanstack/react-store': [ '0.11.1' ],
15 silly audit   '@tanstack/router-core': [ '1.171.30' ],
15 silly audit   '@tanstack/router-generator': [ '1.167.36' ],
15 silly audit   '@tanstack/router-plugin': [ '1.168.38' ],
15 silly audit   '@tanstack/router-utils': [ '1.162.3' ],
15 silly audit   '@tanstack/store': [ '0.11.1' ],
15 silly audit   '@tanstack/virtual-file-routes': [ '1.162.0' ],
15 silly audit   '@types/babel__core': [ '7.20.5' ],
15 silly audit   '@types/babel__generator': [ '7.27.0' ],
15 silly audit   '@types/babel__template': [ '7.4.4' ],
15 silly audit   '@types/babel__traverse': [ '7.28.0' ],
15 silly audit   '@types/react': [ '19.3.0' ],
15 silly audit   '@types/react-dom': [ '19.3.0' ],
15 silly audit   '@vitejs/plugin-react': [ '5.2.0' ],
15 silly audit   ansis: [ '4.4.0' ],
15 silly audit   'babel-dead-code-elimination': [ '1.0.12' ],
15 silly audit   'baseline-browser-mapping': [ '2.11.24' ],
15 silly audit   browserslist: [ '4.29.0' ],
15 silly audit   'caniuse-lite': [ '1.0.30001810' ],
15 silly audit   chokidar: [ '5.0.0' ],
15 silly audit   'convert-source-map': [ '2.0.0' ],
15 silly audit   'cookie-es': [ '3.1.1' ],
15 silly audit   csstype: [ '3.2.3' ],
15 silly audit   debug: [ '4.4.3' ],
15 silly audit   'detect-libc': [ '2.1.2' ],
15 silly audit   diff: [ '8.0.4' ],
15 silly audit   'electron-to-chromium': [ '1.5.430' ],
15 silly audit   'enhanced-resolve': [ '5.25.1' ],
15 silly audit   escalade: [ '3.2.0' ],
15 silly audit   fdir: [ '6.5.0' ],
15 silly audit   fsevents: [ '2.3.3' ],
15 silly audit   gensync: [ '1.0.0-beta.2' ],
15 silly audit   'graceful-fs': [ '4.2.11' ],
15 silly audit   isbot: [ '5.2.2' ],
15 silly audit   jiti: [ '2.7.0' ],
15 silly audit   'js-tokens': [ '4.0.0' ],
15 silly audit   jsesc: [ '3.1.0' ],
15 silly audit   json5: [ '2.2.3' ],
15 silly audit   lightningcss: [ '1.32.0', '1.33.0' ],
15 silly audit   'lightningcss-android-arm64': [ '1.32.0', '1.33.0' ],
15 silly audit   'lightningcss-darwin-arm64': [ '1.32.0', '1.33.0' ],
15 silly audit   'lightningcss-darwin-x64': [ '1.32.0', '1.33.0' ],
15 silly audit   'lightningcss-freebsd-x64': [ '1.32.0', '1.33.0' ],
15 silly audit   'lightningcss-linux-arm-gnueabihf': [ '1.32.0', '1.33.0' ],
15 silly audit   'lightningcss-linux-arm64-gnu': [ '1.32.0', '1.33.0' ],
15 silly audit   'lightningcss-linux-arm64-musl': [ '1.32.0', '1.33.0' ],
15 silly audit   'lightningcss-linux-x64-gnu': [ '1.32.0', '1.33.0' ],
15 silly audit   'lightningcss-linux-x64-musl': [ '1.32.0', '1.33.0' ],
15 silly audit   'lightningcss-win32-arm64-msvc': [ '1.32.0', '1.33.0' ],
15 silly audit   'lightningcss-win32-x64-msvc': [ '1.32.0', '1.33.0' ],
15 silly audit   'lru-cache': [ '5.1.1' ],
15 silly audit   'magic-string': [ '0.30.21' ],
15 silly audit   ms: [ '2.1.3' ],
15 silly audit   nanoid: [ '3.3.19' ],
15 silly audit   'node-releases': [ '2.0.55' ],
15 silly audit   pathe: [ '2.0.3' ],
15 silly audit   picocolors: [ '1.1.1' ],
15 silly audit   picomatch: [ '4.0.7' ],
15 silly audit   postcss: [ '8.5.28' ],
15 silly audit   prettier: [ '3.9.7' ],
15 silly audit   react: [ '19.3.0' ],
15 silly audit   'react-dom': [ '19.3.0' ],
15 silly audit   'react-refresh': [ '0.18.0' ],
15 silly audit   readdirp: [ '5.1.1' ],
15 silly audit   rolldown: [ '1.2.9' ],
15 silly audit   scheduler: [ '0.28.0' ],
15 silly audit   semver: [ '6.3.1' ],
15 silly audit   seroval: [ '1.6.7' ],
15 silly audit   'seroval-plugins': [ '1.6.7' ],
15 silly audit   'source-map-js': [ '1.2.1' ],
15 silly audit   tailwindcss: [ '4.3.3' ],
15 silly audit   tapable: [ '2.3.3' ],
15 silly audit   tinyglobby: [ '0.2.17' ],
15 silly audit   typescript: [ '5.9.3' ],
15 silly audit   unplugin: [ '3.4.0' ],
15 silly audit   'update-browserslist-db': [ '1.3.3' ],
15 silly audit   'use-sync-external-store': [ '1.7.0' ],
15 silly audit   vite: [ '8.3.0' ],
15 silly audit   'webpack-virtual-modules': [ '0.6.2' ],
15 silly audit   yallist: [ '3.1.1' ],
15 silly audit   zod: [ '4.6.5' ]
15 silly audit }
16 http cache zod@https://registry.npmjs.org/zod/-/zod-4.6.5.tgz 0ms (cache hit)
17 http cache vite@https://registry.npmjs.org/vite/-/vite-8.3.0.tgz 0ms (cache hit)
18 http cache use-sync-external-store@https://registry.npmjs.org/use-sync-external-store/-/use-sync-external-store-1.7.0.tgz 0ms (cache hit)
19 http cache webpack-virtual-modules@https://registry.npmjs.org/webpack-virtual-modules/-/webpack-virtual-modules-0.6.2.tgz 0ms (cache hit)
20 http cache update-browserslist-db@https://registry.npmjs.org/update-browserslist-db/-/update-browserslist-db-1.3.3.tgz 0ms (cache hit)
21 http cache unplugin@https://registry.npmjs.org/unplugin/-/unplugin-3.4.0.tgz 0ms (cache hit)
22 http cache yallist@https://registry.npmjs.org/yallist/-/yallist-3.1.1.tgz 0ms (cache hit)
23 http cache typescript@https://registry.npmjs.org/typescript/-/typescript-5.9.3.tgz 0ms (cache hit)
24 http cache tailwindcss@https://registry.npmjs.org/tailwindcss/-/tailwindcss-4.3.3.tgz 0ms (cache hit)
25 http cache tapable@https://registry.npmjs.org/tapable/-/tapable-2.3.3.tgz 0ms (cache hit)
26 http cache tinyglobby@https://registry.npmjs.org/tinyglobby/-/tinyglobby-0.2.17.tgz 0ms (cache hit)
27 http cache source-map-js@https://registry.npmjs.org/source-map-js/-/source-map-js-1.2.1.tgz 1ms (cache hit)
28 http cache seroval@https://registry.npmjs.org/seroval/-/seroval-1.6.7.tgz 0ms (cache hit)
29 http cache seroval-plugins@https://registry.npmjs.org/seroval-plugins/-/seroval-plugins-1.6.7.tgz 0ms (cache hit)
30 http cache semver@https://registry.npmjs.org/semver/-/semver-6.3.1.tgz 0ms (cache hit)
31 http cache rolldown@https://registry.npmjs.org/rolldown/-/rolldown-1.2.9.tgz 0ms (cache hit)
32 http cache scheduler@https://registry.npmjs.org/scheduler/-/scheduler-0.28.0.tgz 0ms (cache hit)
33 http cache readdirp@https://registry.npmjs.org/readdirp/-/readdirp-5.1.1.tgz 0ms (cache hit)
34 http cache react-refresh@https://registry.npmjs.org/react-refresh/-/react-refresh-0.18.0.tgz 0ms (cache hit)
35 http cache react-dom@https://registry.npmjs.org/react-dom/-/react-dom-19.3.0.tgz 0ms (cache hit)
36 http cache react@https://registry.npmjs.org/react/-/react-19.3.0.tgz 0ms (cache hit)
37 http cache prettier@https://registry.npmjs.org/prettier/-/prettier-3.9.7.tgz 0ms (cache hit)
38 http cache postcss@https://registry.npmjs.org/postcss/-/postcss-8.5.28.tgz 0ms (cache hit)
39 http cache picomatch@https://registry.npmjs.org/picomatch/-/picomatch-4.0.7.tgz 0ms (cache hit)
40 http cache node-releases@https://registry.npmjs.org/node-releases/-/node-releases-2.0.55.tgz 0ms (cache hit)
41 http cache pathe@https://registry.npmjs.org/pathe/-/pathe-2.0.3.tgz 0ms (cache hit)
42 http cache nanoid@https://registry.npmjs.org/nanoid/-/nanoid-3.3.19.tgz 0ms (cache hit)
43 http cache ms@https://registry.npmjs.org/ms/-/ms-2.1.3.tgz 0ms (cache hit)
44 http cache magic-string@https://registry.npmjs.org/magic-string/-/magic-string-0.30.21.tgz 0ms (cache hit)
45 http cache lru-cache@https://registry.npmjs.org/lru-cache/-/lru-cache-5.1.1.tgz 0ms (cache hit)
46 http cache lightningcss@https://registry.npmjs.org/lightningcss/-/lightningcss-1.32.0.tgz 0ms (cache hit)
47 http cache lightningcss-linux-x64-gnu@https://registry.npmjs.org/lightningcss-linux-x64-gnu/-/lightningcss-linux-x64-gnu-1.32.0.tgz 0ms (cache hit)
48 http cache jsesc@https://registry.npmjs.org/jsesc/-/jsesc-3.1.0.tgz 0ms (cache hit)
49 http cache json5@https://registry.npmjs.org/json5/-/json5-2.2.3.tgz 0ms (cache hit)
50 http cache js-tokens@https://registry.npmjs.org/js-tokens/-/js-tokens-4.0.0.tgz 0ms (cache hit)
51 http cache picocolors@https://registry.npmjs.org/picocolors/-/picocolors-1.1.1.tgz 0ms (cache hit)
52 http cache jiti@https://registry.npmjs.org/jiti/-/jiti-2.7.0.tgz 0ms (cache hit)
53 http cache isbot@https://registry.npmjs.org/isbot/-/isbot-5.2.2.tgz 0ms (cache hit)
54 http cache fdir@https://registry.npmjs.org/fdir/-/fdir-6.5.0.tgz 0ms (cache hit)
55 http cache gensync@https://registry.npmjs.org/gensync/-/gensync-1.0.0-beta.2.tgz 0ms (cache hit)
56 http cache graceful-fs@https://registry.npmjs.org/graceful-fs/-/graceful-fs-4.2.11.tgz 0ms (cache hit)
57 http cache enhanced-resolve@https://registry.npmjs.org/enhanced-resolve/-/enhanced-resolve-5.25.1.tgz 0ms (cache hit)
58 http cache escalade@https://registry.npmjs.org/escalade/-/escalade-3.2.0.tgz 0ms (cache hit)
59 http cache diff@https://registry.npmjs.org/diff/-/diff-8.0.4.tgz 0ms (cache hit)
60 http cache electron-to-chromium@https://registry.npmjs.org/electron-to-chromium/-/electron-to-chromium-1.5.430.tgz 0ms (cache hit)
61 http cache detect-libc@https://registry.npmjs.org/detect-libc/-/detect-libc-2.1.2.tgz 0ms (cache hit)
62 http cache debug@https://registry.npmjs.org/debug/-/debug-4.4.3.tgz 0ms (cache hit)
63 http cache csstype@https://registry.npmjs.org/csstype/-/csstype-3.2.3.tgz 0ms (cache hit)
64 http cache cookie-es@https://registry.npmjs.org/cookie-es/-/cookie-es-3.1.1.tgz 0ms (cache hit)
65 http cache convert-source-map@https://registry.npmjs.org/convert-source-map/-/convert-source-map-2.0.0.tgz 0ms (cache hit)
66 http cache chokidar@https://registry.npmjs.org/chokidar/-/chokidar-5.0.0.tgz 0ms (cache hit)
67 http cache browserslist@https://registry.npmjs.org/browserslist/-/browserslist-4.29.0.tgz 0ms (cache hit)
68 http cache caniuse-lite@https://registry.npmjs.org/caniuse-lite/-/caniuse-lite-1.0.30001810.tgz 0ms (cache hit)
69 http cache baseline-browser-mapping@https://registry.npmjs.org/baseline-browser-mapping/-/baseline-browser-mapping-2.11.24.tgz 0ms (cache hit)
70 http cache babel-dead-code-elimination@https://registry.npmjs.org/babel-dead-code-elimination/-/babel-dead-code-elimination-1.0.12.tgz 0ms (cache hit)
71 http cache ansis@https://registry.npmjs.org/ansis/-/ansis-4.4.0.tgz 0ms (cache hit)
72 http cache @types/react-dom@https://registry.npmjs.org/@types/react-dom/-/react-dom-19.3.0.tgz 0ms (cache hit)
73 http cache @vitejs/plugin-react@https://registry.npmjs.org/@vitejs/plugin-react/-/plugin-react-5.2.0.tgz 0ms (cache hit)
74 http cache @types/react@https://registry.npmjs.org/@types/react/-/react-19.3.0.tgz 0ms (cache hit)
75 http cache @types/babel__traverse@https://registry.npmjs.org/@types/babel__traverse/-/babel__traverse-7.28.0.tgz 0ms (cache hit)
76 http cache @types/babel__template@https://registry.npmjs.org/@types/babel__template/-/babel__template-7.4.4.tgz 0ms (cache hit)
77 http cache @types/babel__generator@https://registry.npmjs.org/@types/babel__generator/-/babel__generator-7.27.0.tgz 0ms (cache hit)
78 http cache @types/babel__core@https://registry.npmjs.org/@types/babel__core/-/babel__core-7.20.5.tgz 0ms (cache hit)
79 http cache @tanstack/virtual-file-routes@https://registry.npmjs.org/@tanstack/virtual-file-routes/-/virtual-file-routes-1.162.0.tgz 0ms (cache hit)
80 http cache @tanstack/router-utils@https://registry.npmjs.org/@tanstack/router-utils/-/router-utils-1.162.3.tgz 1ms (cache hit)
81 http cache @tanstack/store@https://registry.npmjs.org/@tanstack/store/-/store-0.11.1.tgz 0ms (cache hit)
82 http cache @tanstack/router-plugin@https://registry.npmjs.org/@tanstack/router-plugin/-/router-plugin-1.168.38.tgz 0ms (cache hit)
83 http cache @tanstack/router-generator@https://registry.npmjs.org/@tanstack/router-generator/-/router-generator-1.167.36.tgz 0ms (cache hit)
84 http cache @tanstack/router-core@https://registry.npmjs.org/@tanstack/router-core/-/router-core-1.171.30.tgz 0ms (cache hit)
85 http cache @tanstack/react-store@https://registry.npmjs.org/@tanstack/react-store/-/react-store-0.11.1.tgz 0ms (cache hit)
86 http cache @tanstack/react-router@https://registry.npmjs.org/@tanstack/react-router/-/react-router-1.170.36.tgz 0ms (cache hit)
87 http cache @tanstack/history@https://registry.npmjs.org/@tanstack/history/-/history-1.162.4.tgz 0ms (cache hit)
88 http cache @tailwindcss/vite@https://registry.npmjs.org/@tailwindcss/vite/-/vite-4.3.3.tgz 0ms (cache hit)
89 http cache @tailwindcss/oxide-linux-x64-gnu@https://registry.npmjs.org/@tailwindcss/oxide-linux-x64-gnu/-/oxide-linux-x64-gnu-4.3.3.tgz 0ms (cache hit)
90 http cache @tailwindcss/oxide@https://registry.npmjs.org/@tailwindcss/oxide/-/oxide-4.3.3.tgz 0ms (cache hit)
91 http cache @rolldown/binding-linux-x64-gnu@https://registry.npmjs.org/@rolldown/binding-linux-x64-gnu/-/binding-linux-x64-gnu-1.2.9.tgz 0ms (cache hit)
92 http cache @tailwindcss/node@https://registry.npmjs.org/@tailwindcss/node/-/node-4.3.3.tgz 0ms (cache hit)
93 http cache @jridgewell/trace-mapping@https://registry.npmjs.org/@jridgewell/trace-mapping/-/trace-mapping-0.3.31.tgz 0ms (cache hit)
94 http cache @oxc-project/types@https://registry.npmjs.org/@oxc-project/types/-/types-0.150.0.tgz 0ms (cache hit)
95 http cache @jridgewell/sourcemap-codec@https://registry.npmjs.org/@jridgewell/sourcemap-codec/-/sourcemap-codec-1.6.0.tgz 0ms (cache hit)
96 http cache @jridgewell/resolve-uri@https://registry.npmjs.org/@jridgewell/resolve-uri/-/resolve-uri-3.1.2.tgz 0ms (cache hit)
97 http cache @jridgewell/remapping@https://registry.npmjs.org/@jridgewell/remapping/-/remapping-2.3.5.tgz 0ms (cache hit)
98 http cache @jridgewell/gen-mapping@https://registry.npmjs.org/@jridgewell/gen-mapping/-/gen-mapping-0.3.13.tgz 0ms (cache hit)
99 http cache @rolldown/pluginutils@https://registry.npmjs.org/@rolldown/pluginutils/-/pluginutils-1.0.0-rc.3.tgz 0ms (cache hit)
100 http cache @babel/types@https://registry.npmjs.org/@babel/types/-/types-7.29.8.tgz 0ms (cache hit)
101 http cache @babel/traverse@https://registry.npmjs.org/@babel/traverse/-/traverse-7.29.8.tgz 0ms (cache hit)
102 http cache @babel/template@https://registry.npmjs.org/@babel/template/-/template-7.29.7.tgz 0ms (cache hit)
103 http cache @babel/plugin-transform-react-jsx-source@https://registry.npmjs.org/@babel/plugin-transform-react-jsx-source/-/plugin-transform-react-jsx-source-7.29.7.tgz 0ms (cache hit)
104 http cache @babel/parser@https://registry.npmjs.org/@babel/parser/-/parser-7.29.8.tgz 0ms (cache hit)
105 http cache @babel/plugin-transform-react-jsx-self@https://registry.npmjs.org/@babel/plugin-transform-react-jsx-self/-/plugin-transform-react-jsx-self-7.29.7.tgz 0ms (cache hit)
106 http cache @babel/helpers@https://registry.npmjs.org/@babel/helpers/-/helpers-7.29.7.tgz 0ms (cache hit)
107 http cache @babel/helper-validator-option@https://registry.npmjs.org/@babel/helper-validator-option/-/helper-validator-option-7.29.7.tgz 0ms (cache hit)
108 http cache @babel/helper-validator-identifier@https://registry.npmjs.org/@babel/helper-validator-identifier/-/helper-validator-identifier-7.29.7.tgz 0ms (cache hit)
109 http cache @babel/helper-string-parser@https://registry.npmjs.org/@babel/helper-string-parser/-/helper-string-parser-7.29.7.tgz 0ms (cache hit)
110 http cache @babel/helper-plugin-utils@https://registry.npmjs.org/@babel/helper-plugin-utils/-/helper-plugin-utils-7.29.7.tgz 0ms (cache hit)
111 http cache @babel/helper-module-transforms@https://registry.npmjs.org/@babel/helper-module-transforms/-/helper-module-transforms-7.29.7.tgz 0ms (cache hit)
112 http cache @babel/helper-globals@https://registry.npmjs.org/@babel/helper-globals/-/helper-globals-7.29.7.tgz 0ms (cache hit)
113 http cache @babel/helper-module-imports@https://registry.npmjs.org/@babel/helper-module-imports/-/helper-module-imports-7.29.7.tgz 0ms (cache hit)
114 http cache @babel/generator@https://registry.npmjs.org/@babel/generator/-/generator-7.29.8.tgz 0ms (cache hit)
115 http cache @babel/helper-compilation-targets@https://registry.npmjs.org/@babel/helper-compilation-targets/-/helper-compilation-targets-7.29.7.tgz 0ms (cache hit)
116 http cache @babel/core@https://registry.npmjs.org/@babel/core/-/core-7.29.7.tgz 0ms (cache hit)
117 http cache @babel/compat-data@https://registry.npmjs.org/@babel/compat-data/-/compat-data-7.29.7.tgz 0ms (cache hit)
118 http cache @babel/code-frame@https://registry.npmjs.org/@babel/code-frame/-/code-frame-7.29.7.tgz 0ms (cache hit)
119 http cache lightningcss-linux-x64-gnu@https://registry.npmjs.org/lightningcss-linux-x64-gnu/-/lightningcss-linux-x64-gnu-1.33.0.tgz 0ms (cache hit)
120 http cache lightningcss@https://registry.npmjs.org/lightningcss/-/lightningcss-1.33.0.tgz 0ms (cache hit)
121 http cache @rolldown/pluginutils@https://registry.npmjs.org/@rolldown/pluginutils/-/pluginutils-1.0.1.tgz 0ms (cache hit)
122 silly tarball no local data for zod@https://registry.npmjs.org/zod/-/zod-4.6.5.tgz. Extracting by manifest.
123 silly tarball no local data for vite@https://registry.npmjs.org/vite/-/vite-8.3.0.tgz. Extracting by manifest.
124 silly tarball no local data for use-sync-external-store@https://registry.npmjs.org/use-sync-external-store/-/use-sync-external-store-1.7.0.tgz. Extracting by manifest.
125 silly tarball no local data for webpack-virtual-modules@https://registry.npmjs.org/webpack-virtual-modules/-/webpack-virtual-modules-0.6.2.tgz. Extracting by manifest.
126 silly tarball no local data for update-browserslist-db@https://registry.npmjs.org/update-browserslist-db/-/update-browserslist-db-1.3.3.tgz. Extracting by manifest.
127 silly tarball no local data for unplugin@https://registry.npmjs.org/unplugin/-/unplugin-3.4.0.tgz. Extracting by manifest.
128 silly tarball no local data for yallist@https://registry.npmjs.org/yallist/-/yallist-3.1.1.tgz. Extracting by manifest.
129 silly tarball no local data for typescript@https://registry.npmjs.org/typescript/-/typescript-5.9.3.tgz. Extracting by manifest.
130 silly tarball no local data for tailwindcss@https://registry.npmjs.org/tailwindcss/-/tailwindcss-4.3.3.tgz. Extracting by manifest.
131 silly tarball no local data for tapable@https://registry.npmjs.org/tapable/-/tapable-2.3.3.tgz. Extracting by manifest.
132 silly tarball no local data for tinyglobby@https://registry.npmjs.org/tinyglobby/-/tinyglobby-0.2.17.tgz. Extracting by manifest.
133 silly tarball no local data for source-map-js@https://registry.npmjs.org/source-map-js/-/source-map-js-1.2.1.tgz. Extracting by manifest.
134 silly tarball no local data for seroval@https://registry.npmjs.org/seroval/-/seroval-1.6.7.tgz. Extracting by manifest.
135 silly tarball no local data for seroval-plugins@https://registry.npmjs.org/seroval-plugins/-/seroval-plugins-1.6.7.tgz. Extracting by manifest.
136 silly tarball no local data for semver@https://registry.npmjs.org/semver/-/semver-6.3.1.tgz. Extracting by manifest.
137 silly tarball no local data for rolldown@https://registry.npmjs.org/rolldown/-/rolldown-1.2.9.tgz. Extracting by manifest.
138 silly tarball no local data for scheduler@https://registry.npmjs.org/scheduler/-/scheduler-0.28.0.tgz. Extracting by manifest.
139 silly tarball no local data for readdirp@https://registry.npmjs.org/readdirp/-/readdirp-5.1.1.tgz. Extracting by manifest.
140 silly tarball no local data for react-refresh@https://registry.npmjs.org/react-refresh/-/react-refresh-0.18.0.tgz. Extracting by manifest.
141 silly tarball no local data for react-dom@https://registry.npmjs.org/react-dom/-/react-dom-19.3.0.tgz. Extracting by manifest.
142 silly tarball no local data for react@https://registry.npmjs.org/react/-/react-19.3.0.tgz. Extracting by manifest.
143 silly tarball no local data for prettier@https://registry.npmjs.org/prettier/-/prettier-3.9.7.tgz. Extracting by manifest.
144 silly tarball no local data for postcss@https://registry.npmjs.org/postcss/-/postcss-8.5.28.tgz. Extracting by manifest.
145 silly tarball no local data for picomatch@https://registry.npmjs.org/picomatch/-/picomatch-4.0.7.tgz. Extracting by manifest.
146 silly tarball no local data for node-releases@https://registry.npmjs.org/node-releases/-/node-releases-2.0.55.tgz. Extracting by manifest.
147 silly tarball no local data for pathe@https://registry.npmjs.org/pathe/-/pathe-2.0.3.tgz. Extracting by manifest.
148 silly tarball no local data for nanoid@https://registry.npmjs.org/nanoid/-/nanoid-3.3.19.tgz. Extracting by manifest.
149 silly tarball no local data for ms@https://registry.npmjs.org/ms/-/ms-2.1.3.tgz. Extracting by manifest.
150 silly tarball no local data for magic-string@https://registry.npmjs.org/magic-string/-/magic-string-0.30.21.tgz. Extracting by manifest.
151 silly tarball no local data for lru-cache@https://registry.npmjs.org/lru-cache/-/lru-cache-5.1.1.tgz. Extracting by manifest.
152 silly tarball no local data for lightningcss@https://registry.npmjs.org/lightningcss/-/lightningcss-1.32.0.tgz. Extracting by manifest.
153 silly tarball no local data for lightningcss-linux-x64-gnu@https://registry.npmjs.org/lightningcss-linux-x64-gnu/-/lightningcss-linux-x64-gnu-1.32.0.tgz. Extracting by manifest.
154 silly tarball no local data for jsesc@https://registry.npmjs.org/jsesc/-/jsesc-3.1.0.tgz. Extracting by manifest.
155 silly tarball no local data for json5@https://registry.npmjs.org/json5/-/json5-2.2.3.tgz. Extracting by manifest.
156 silly tarball no local data for js-tokens@https://registry.npmjs.org/js-tokens/-/js-tokens-4.0.0.tgz. Extracting by manifest.
157 silly tarball no local data for picocolors@https://registry.npmjs.org/picocolors/-/picocolors-1.1.1.tgz. Extracting by manifest.
158 silly tarball no local data for jiti@https://registry.npmjs.org/jiti/-/jiti-2.7.0.tgz. Extracting by manifest.
159 silly tarball no local data for isbot@https://registry.npmjs.org/isbot/-/isbot-5.2.2.tgz. Extracting by manifest.
160 silly tarball no local data for fdir@https://registry.npmjs.org/fdir/-/fdir-6.5.0.tgz. Extracting by manifest.
161 silly tarball no local data for gensync@https://registry.npmjs.org/gensync/-/gensync-1.0.0-beta.2.tgz. Extracting by manifest.
162 silly tarball no local data for graceful-fs@https://registry.npmjs.org/graceful-fs/-/graceful-fs-4.2.11.tgz. Extracting by manifest.
163 silly tarball no local data for enhanced-resolve@https://registry.npmjs.org/enhanced-resolve/-/enhanced-resolve-5.25.1.tgz. Extracting by manifest.
164 silly tarball no local data for escalade@https://registry.npmjs.org/escalade/-/escalade-3.2.0.tgz. Extracting by manifest.
165 silly tarball no local data for diff@https://registry.npmjs.org/diff/-/diff-8.0.4.tgz. Extracting by manifest.
166 silly tarball no local data for electron-to-chromium@https://registry.npmjs.org/electron-to-chromium/-/electron-to-chromium-1.5.430.tgz. Extracting by manifest.
167 silly tarball no local data for detect-libc@https://registry.npmjs.org/detect-libc/-/detect-libc-2.1.2.tgz. Extracting by manifest.
168 silly tarball no local data for debug@https://registry.npmjs.org/debug/-/debug-4.4.3.tgz. Extracting by manifest.
169 silly tarball no local data for csstype@https://registry.npmjs.org/csstype/-/csstype-3.2.3.tgz. Extracting by manifest.
170 silly tarball no local data for cookie-es@https://registry.npmjs.org/cookie-es/-/cookie-es-3.1.1.tgz. Extracting by manifest.
171 silly tarball no local data for convert-source-map@https://registry.npmjs.org/convert-source-map/-/convert-source-map-2.0.0.tgz. Extracting by manifest.
172 silly tarball no local data for chokidar@https://registry.npmjs.org/chokidar/-/chokidar-5.0.0.tgz. Extracting by manifest.
173 silly tarball no local data for browserslist@https://registry.npmjs.org/browserslist/-/browserslist-4.29.0.tgz. Extracting by manifest.
174 silly tarball no local data for caniuse-lite@https://registry.npmjs.org/caniuse-lite/-/caniuse-lite-1.0.30001810.tgz. Extracting by manifest.
175 silly tarball no local data for baseline-browser-mapping@https://registry.npmjs.org/baseline-browser-mapping/-/baseline-browser-mapping-2.11.24.tgz. Extracting by manifest.
176 silly tarball no local data for babel-dead-code-elimination@https://registry.npmjs.org/babel-dead-code-elimination/-/babel-dead-code-elimination-1.0.12.tgz. Extracting by manifest.
177 silly tarball no local data for ansis@https://registry.npmjs.org/ansis/-/ansis-4.4.0.tgz. Extracting by manifest.
178 silly tarball no local data for @types/react-dom@https://registry.npmjs.org/@types/react-dom/-/react-dom-19.3.0.tgz. Extracting by manifest.
179 silly tarball no local data for @vitejs/plugin-react@https://registry.npmjs.org/@vitejs/plugin-react/-/plugin-react-5.2.0.tgz. Extracting by manifest.
180 silly tarball no local data for @types/react@https://registry.npmjs.org/@types/react/-/react-19.3.0.tgz. Extracting by manifest.
181 silly tarball no local data for @types/babel__traverse@https://registry.npmjs.org/@types/babel__traverse/-/babel__traverse-7.28.0.tgz. Extracting by manifest.
182 silly tarball no local data for @types/babel__template@https://registry.npmjs.org/@types/babel__template/-/babel__template-7.4.4.tgz. Extracting by manifest.
183 silly tarball no local data for @types/babel__generator@https://registry.npmjs.org/@types/babel__generator/-/babel__generator-7.27.0.tgz. Extracting by manifest.
184 silly tarball no local data for @types/babel__core@https://registry.npmjs.org/@types/babel__core/-/babel__core-7.20.5.tgz. Extracting by manifest.
185 silly tarball no local data for @tanstack/virtual-file-routes@https://registry.npmjs.org/@tanstack/virtual-file-routes/-/virtual-file-routes-1.162.0.tgz. Extracting by manifest.
186 silly tarball no local data for @tanstack/router-utils@https://registry.npmjs.org/@tanstack/router-utils/-/router-utils-1.162.3.tgz. Extracting by manifest.
187 silly tarball no local data for @tanstack/store@https://registry.npmjs.org/@tanstack/store/-/store-0.11.1.tgz. Extracting by manifest.
188 silly tarball no local data for @tanstack/router-plugin@https://registry.npmjs.org/@tanstack/router-plugin/-/router-plugin-1.168.38.tgz. Extracting by manifest.
189 silly tarball no local data for @tanstack/router-generator@https://registry.npmjs.org/@tanstack/router-generator/-/router-generator-1.167.36.tgz. Extracting by manifest.
190 silly tarball no local data for @tanstack/router-core@https://registry.npmjs.org/@tanstack/router-core/-/router-core-1.171.30.tgz. Extracting by manifest.
191 silly tarball no local data for @tanstack/react-store@https://registry.npmjs.org/@tanstack/react-store/-/react-store-0.11.1.tgz. Extracting by manifest.
192 silly tarball no local data for @tanstack/react-router@https://registry.npmjs.org/@tanstack/react-router/-/react-router-1.170.36.tgz. Extracting by manifest.
193 silly tarball no local data for @tanstack/history@https://registry.npmjs.org/@tanstack/history/-/history-1.162.4.tgz. Extracting by manifest.
194 silly tarball no local data for @tailwindcss/vite@https://registry.npmjs.org/@tailwindcss/vite/-/vite-4.3.3.tgz. Extracting by manifest.
195 silly tarball no local data for @tailwindcss/oxide-linux-x64-gnu@https://registry.npmjs.org/@tailwindcss/oxide-linux-x64-gnu/-/oxide-linux-x64-gnu-4.3.3.tgz. Extracting by manifest.
196 silly tarball no local data for @tailwindcss/oxide@https://registry.npmjs.org/@tailwindcss/oxide/-/oxide-4.3.3.tgz. Extracting by manifest.
197 silly tarball no local data for @rolldown/binding-linux-x64-gnu@https://registry.npmjs.org/@rolldown/binding-linux-x64-gnu/-/binding-linux-x64-gnu-1.2.9.tgz. Extracting by manifest.
198 silly tarball no local data for @tailwindcss/node@https://registry.npmjs.org/@tailwindcss/node/-/node-4.3.3.tgz. Extracting by manifest.
199 silly tarball no local data for @jridgewell/trace-mapping@https://registry.npmjs.org/@jridgewell/trace-mapping/-/trace-mapping-0.3.31.tgz. Extracting by manifest.
200 silly tarball no local data for @oxc-project/types@https://registry.npmjs.org/@oxc-project/types/-/types-0.150.0.tgz. Extracting by manifest.
201 silly tarball no local data for @jridgewell/sourcemap-codec@https://registry.npmjs.org/@jridgewell/sourcemap-codec/-/sourcemap-codec-1.6.0.tgz. Extracting by manifest.
202 silly tarball no local data for @jridgewell/resolve-uri@https://registry.npmjs.org/@jridgewell/resolve-uri/-/resolve-uri-3.1.2.tgz. Extracting by manifest.
203 silly tarball no local data for @jridgewell/remapping@https://registry.npmjs.org/@jridgewell/remapping/-/remapping-2.3.5.tgz. Extracting by manifest.
204 silly tarball no local data for @jridgewell/gen-mapping@https://registry.npmjs.org/@jridgewell/gen-mapping/-/gen-mapping-0.3.13.tgz. Extracting by manifest.
205 silly tarball no local data for @rolldown/pluginutils@https://registry.npmjs.org/@rolldown/pluginutils/-/pluginutils-1.0.0-rc.3.tgz. Extracting by manifest.
206 silly tarball no local data for @babel/types@https://registry.npmjs.org/@babel/types/-/types-7.29.8.tgz. Extracting by manifest.
207 silly tarball no local data for @babel/traverse@https://registry.npmjs.org/@babel/traverse/-/traverse-7.29.8.tgz. Extracting by manifest.
208 silly tarball no local data for @babel/template@https://registry.npmjs.org/@babel/template/-/template-7.29.7.tgz. Extracting by manifest.
209 silly tarball no local data for @babel/plugin-transform-react-jsx-source@https://registry.npmjs.org/@babel/plugin-transform-react-jsx-source/-/plugin-transform-react-jsx-source-7.29.7.tgz. Extracting by manifest.
210 silly tarball no local data for @babel/parser@https://registry.npmjs.org/@babel/parser/-/parser-7.29.8.tgz. Extracting by manifest.
211 silly tarball no local data for @babel/plugin-transform-react-jsx-self@https://registry.npmjs.org/@babel/plugin-transform-react-jsx-self/-/plugin-transform-react-jsx-self-7.29.7.tgz. Extracting by manifest.
212 silly tarball no local data for @babel/helpers@https://registry.npmjs.org/@babel/helpers/-/helpers-7.29.7.tgz. Extracting by manifest.
213 silly tarball no local data for @babel/helper-validator-option@https://registry.npmjs.org/@babel/helper-validator-option/-/helper-validator-option-7.29.7.tgz. Extracting by manifest.
214 silly tarball no local data for @babel/helper-validator-identifier@https://registry.npmjs.org/@babel/helper-validator-identifier/-/helper-validator-identifier-7.29.7.tgz. Extracting by manifest.
215 silly tarball no local data for @babel/helper-string-parser@https://registry.npmjs.org/@babel/helper-string-parser/-/helper-string-parser-7.29.7.tgz. Extracting by manifest.
216 silly tarball no local data for @babel/helper-plugin-utils@https://registry.npmjs.org/@babel/helper-plugin-utils/-/helper-plugin-utils-7.29.7.tgz. Extracting by manifest.
217 silly tarball no local data for @babel/helper-module-transforms@https://registry.npmjs.org/@babel/helper-module-transforms/-/helper-module-transforms-7.29.7.tgz. Extracting by manifest.
218 silly tarball no local data for @babel/helper-globals@https://registry.npmjs.org/@babel/helper-globals/-/helper-globals-7.29.7.tgz. Extracting by manifest.
219 silly tarball no local data for @babel/helper-module-imports@https://registry.npmjs.org/@babel/helper-module-imports/-/helper-module-imports-7.29.7.tgz. Extracting by manifest.
220 silly tarball no local data for @babel/generator@https://registry.npmjs.org/@babel/generator/-/generator-7.29.8.tgz. Extracting by manifest.
221 silly tarball no local data for @babel/helper-compilation-targets@https://registry.npmjs.org/@babel/helper-compilation-targets/-/helper-compilation-targets-7.29.7.tgz. Extracting by manifest.
222 silly tarball no local data for @babel/core@https://registry.npmjs.org/@babel/core/-/core-7.29.7.tgz. Extracting by manifest.
223 silly tarball no local data for @babel/compat-data@https://registry.npmjs.org/@babel/compat-data/-/compat-data-7.29.7.tgz. Extracting by manifest.
224 silly tarball no local data for @babel/code-frame@https://registry.npmjs.org/@babel/code-frame/-/code-frame-7.29.7.tgz. Extracting by manifest.
225 silly tarball no local data for lightningcss-linux-x64-gnu@https://registry.npmjs.org/lightningcss-linux-x64-gnu/-/lightningcss-linux-x64-gnu-1.33.0.tgz. Extracting by manifest.
226 silly tarball no local data for lightningcss@https://registry.npmjs.org/lightningcss/-/lightningcss-1.33.0.tgz. Extracting by manifest.
227 silly tarball no local data for @rolldown/pluginutils@https://registry.npmjs.org/@rolldown/pluginutils/-/pluginutils-1.0.1.tgz. Extracting by manifest.
228 http fetch POST 200 https://registry.npmjs.org/-/npm/v1/security/advisories/bulk 341ms
229 silly audit report {}
230 http fetch GET 200 https://registry.npmjs.org/lru-cache/-/lru-cache-5.1.1.tgz 979ms (cache miss)
231 http fetch GET 200 https://registry.npmjs.org/isbot/-/isbot-5.2.2.tgz 974ms (cache miss)
232 http fetch GET 200 https://registry.npmjs.org/semver/-/semver-6.3.1.tgz 999ms (cache miss)
233 http fetch GET 200 https://registry.npmjs.org/readdirp/-/readdirp-5.1.1.tgz 999ms (cache miss)
234 http fetch GET 200 https://registry.npmjs.org/gensync/-/gensync-1.0.0-beta.2.tgz 985ms (cache miss)
235 http fetch GET 200 https://registry.npmjs.org/detect-libc/-/detect-libc-2.1.2.tgz 981ms (cache miss)
236 http fetch GET 200 https://registry.npmjs.org/convert-source-map/-/convert-source-map-2.0.0.tgz 990ms (cache miss)
237 http fetch GET 200 https://registry.npmjs.org/ms/-/ms-2.1.3.tgz 1013ms (cache miss)
238 http fetch GET 200 https://registry.npmjs.org/picocolors/-/picocolors-1.1.1.tgz 1008ms (cache miss)
239 http fetch GET 200 https://registry.npmjs.org/debug/-/debug-4.4.3.tgz 999ms (cache miss)
240 http fetch GET 200 https://registry.npmjs.org/escalade/-/escalade-3.2.0.tgz 1002ms (cache miss)
241 http fetch GET 200 https://registry.npmjs.org/@tanstack/virtual-file-routes/-/virtual-file-routes-1.162.0.tgz 988ms (cache miss)
242 http fetch GET 200 https://registry.npmjs.org/update-browserslist-db/-/update-browserslist-db-1.3.3.tgz 1038ms (cache miss)
243 http fetch GET 200 https://registry.npmjs.org/yallist/-/yallist-3.1.1.tgz 1039ms (cache miss)
244 http fetch GET 200 https://registry.npmjs.org/node-releases/-/node-releases-2.0.55.tgz 1027ms (cache miss)
245 http fetch GET 200 https://registry.npmjs.org/js-tokens/-/js-tokens-4.0.0.tgz 1021ms (cache miss)
246 http fetch GET 200 https://registry.npmjs.org/ansis/-/ansis-4.4.0.tgz 1008ms (cache miss)
247 http fetch GET 200 https://registry.npmjs.org/babel-dead-code-elimination/-/babel-dead-code-elimination-1.0.12.tgz 1009ms (cache miss)
248 http fetch GET 200 https://registry.npmjs.org/browserslist/-/browserslist-4.29.0.tgz 1017ms (cache miss)
249 http fetch GET 200 https://registry.npmjs.org/@vitejs/plugin-react/-/plugin-react-5.2.0.tgz 1016ms (cache miss)
250 http fetch GET 200 https://registry.npmjs.org/@types/babel__template/-/babel__template-7.4.4.tgz 1015ms (cache miss)
251 http fetch GET 200 https://registry.npmjs.org/@types/babel__core/-/babel__core-7.20.5.tgz 1014ms (cache miss)
252 http fetch GET 200 https://registry.npmjs.org/tinyglobby/-/tinyglobby-0.2.17.tgz 1062ms (cache miss)
253 http fetch GET 200 https://registry.npmjs.org/@types/babel__generator/-/babel__generator-7.27.0.tgz 1028ms (cache miss)
254 http fetch GET 200 https://registry.npmjs.org/@types/react-dom/-/react-dom-19.3.0.tgz 1031ms (cache miss)
255 http fetch GET 200 https://registry.npmjs.org/cookie-es/-/cookie-es-3.1.1.tgz 1057ms (cache miss)
256 http fetch GET 200 https://registry.npmjs.org/@tailwindcss/vite/-/vite-4.3.3.tgz 1039ms (cache miss)
257 http fetch GET 200 https://registry.npmjs.org/@oxc-project/types/-/types-0.150.0.tgz 1032ms (cache miss)
258 http fetch GET 200 https://registry.npmjs.org/@jridgewell/resolve-uri/-/resolve-uri-3.1.2.tgz 1044ms (cache miss)
259 http fetch GET 200 https://registry.npmjs.org/jsesc/-/jsesc-3.1.0.tgz 1094ms (cache miss)
260 http fetch GET 200 https://registry.npmjs.org/@tailwindcss/oxide/-/oxide-4.3.3.tgz 1060ms (cache miss)
261 http fetch GET 200 https://registry.npmjs.org/fdir/-/fdir-6.5.0.tgz 1096ms (cache miss)
262 http fetch GET 200 https://registry.npmjs.org/graceful-fs/-/graceful-fs-4.2.11.tgz 1096ms (cache miss)
263 http fetch GET 200 https://registry.npmjs.org/@rolldown/pluginutils/-/pluginutils-1.0.0-rc.3.tgz 1051ms (cache miss)
264 http fetch GET 200 https://registry.npmjs.org/@jridgewell/remapping/-/remapping-2.3.5.tgz 1063ms (cache miss)
265 http fetch GET 200 https://registry.npmjs.org/@babel/helper-validator-option/-/helper-validator-option-7.29.7.tgz 1048ms (cache miss)
266 http fetch GET 200 https://registry.npmjs.org/react-refresh/-/react-refresh-0.18.0.tgz 1120ms (cache miss)
267 http fetch GET 200 https://registry.npmjs.org/@babel/helper-globals/-/helper-globals-7.29.7.tgz 1053ms (cache miss)
268 http fetch GET 200 https://registry.npmjs.org/@babel/plugin-transform-react-jsx-source/-/plugin-transform-react-jsx-source-7.29.7.tgz 1065ms (cache miss)
269 http fetch GET 200 https://registry.npmjs.org/@babel/helper-validator-identifier/-/helper-validator-identifier-7.29.7.tgz 1061ms (cache miss)
270 http fetch GET 200 https://registry.npmjs.org/@babel/plugin-transform-react-jsx-self/-/plugin-transform-react-jsx-self-7.29.7.tgz 1064ms (cache miss)
271 http fetch GET 200 https://registry.npmjs.org/@babel/helper-compilation-targets/-/helper-compilation-targets-7.29.7.tgz 1057ms (cache miss)
272 http fetch GET 200 https://registry.npmjs.org/@babel/helper-plugin-utils/-/helper-plugin-utils-7.29.7.tgz 1069ms (cache miss)
273 http fetch GET 200 https://registry.npmjs.org/baseline-browser-mapping/-/baseline-browser-mapping-2.11.24.tgz 1115ms (cache miss)
274 http fetch GET 200 https://registry.npmjs.org/@babel/helper-string-parser/-/helper-string-parser-7.29.7.tgz 1076ms (cache miss)
275 http fetch GET 200 https://registry.npmjs.org/@rolldown/pluginutils/-/pluginutils-1.0.1.tgz 1068ms (cache miss)
276 http fetch GET 200 https://registry.npmjs.org/@babel/code-frame/-/code-frame-7.29.7.tgz 1075ms (cache miss)
277 http fetch GET 200 https://registry.npmjs.org/scheduler/-/scheduler-0.28.0.tgz 1154ms (cache miss)
278 http fetch GET 200 https://registry.npmjs.org/@types/babel__traverse/-/babel__traverse-7.28.0.tgz 1124ms (cache miss)
279 http fetch GET 200 https://registry.npmjs.org/@babel/compat-data/-/compat-data-7.29.7.tgz 1082ms (cache miss)
280 http fetch GET 200 https://registry.npmjs.org/webpack-virtual-modules/-/webpack-virtual-modules-0.6.2.tgz 1180ms (cache miss)
281 http fetch GET 200 https://registry.npmjs.org/@tailwindcss/node/-/node-4.3.3.tgz 1130ms (cache miss)
282 http fetch GET 200 https://registry.npmjs.org/@babel/helper-module-imports/-/helper-module-imports-7.29.7.tgz 1110ms (cache miss)
283 http fetch GET 200 https://registry.npmjs.org/@tanstack/history/-/history-1.162.4.tgz 1156ms (cache miss)
284 http fetch GET 200 https://registry.npmjs.org/use-sync-external-store/-/use-sync-external-store-1.7.0.tgz 1211ms (cache miss)
285 http fetch GET 200 https://registry.npmjs.org/chokidar/-/chokidar-5.0.0.tgz 1176ms (cache miss)
286 http fetch GET 200 https://registry.npmjs.org/electron-to-chromium/-/electron-to-chromium-1.5.430.tgz 1194ms (cache miss)
287 http fetch GET 200 https://registry.npmjs.org/pathe/-/pathe-2.0.3.tgz 1217ms (cache miss)
288 http fetch GET 200 https://registry.npmjs.org/nanoid/-/nanoid-3.3.19.tgz 1222ms (cache miss)
289 http fetch GET 200 https://registry.npmjs.org/picomatch/-/picomatch-4.0.7.tgz 1228ms (cache miss)
290 http fetch GET 200 https://registry.npmjs.org/json5/-/json5-2.2.3.tgz 1280ms (cache miss)
291 http fetch GET 200 https://registry.npmjs.org/@types/react/-/react-19.3.0.tgz 1266ms (cache miss)
292 http fetch GET 200 https://registry.npmjs.org/@babel/helper-module-transforms/-/helper-module-transforms-7.29.7.tgz 1230ms (cache miss)
293 http fetch GET 200 https://registry.npmjs.org/@babel/template/-/template-7.29.7.tgz 1246ms (cache miss)
294 http fetch GET 200 https://registry.npmjs.org/react/-/react-19.3.0.tgz 1312ms (cache miss)
295 http fetch GET 200 https://registry.npmjs.org/magic-string/-/magic-string-0.30.21.tgz 1329ms (cache miss)
296 http fetch GET 200 https://registry.npmjs.org/tapable/-/tapable-2.3.3.tgz 1355ms (cache miss)
297 http fetch GET 200 https://registry.npmjs.org/unplugin/-/unplugin-3.4.0.tgz 1370ms (cache miss)
298 http fetch GET 200 https://registry.npmjs.org/source-map-js/-/source-map-js-1.2.1.tgz 1376ms (cache miss)
299 http fetch GET 200 https://registry.npmjs.org/csstype/-/csstype-3.2.3.tgz 1350ms (cache miss)
300 http fetch GET 200 https://registry.npmjs.org/lightningcss/-/lightningcss-1.33.0.tgz 1305ms (cache miss)
301 http fetch GET 200 https://registry.npmjs.org/seroval/-/seroval-1.6.7.tgz 1404ms (cache miss)
302 http fetch GET 200 https://registry.npmjs.org/@jridgewell/sourcemap-codec/-/sourcemap-codec-1.6.0.tgz 1367ms (cache miss)
303 http fetch GET 200 https://registry.npmjs.org/lightningcss/-/lightningcss-1.32.0.tgz 1415ms (cache miss)
304 http fetch GET 200 https://registry.npmjs.org/@jridgewell/gen-mapping/-/gen-mapping-0.3.13.tgz 1392ms (cache miss)
305 http fetch GET 200 https://registry.npmjs.org/seroval-plugins/-/seroval-plugins-1.6.7.tgz 1451ms (cache miss)
306 http fetch GET 200 https://registry.npmjs.org/@tanstack/store/-/store-0.11.1.tgz 1467ms (cache miss)
307 http fetch GET 200 https://registry.npmjs.org/jiti/-/jiti-2.7.0.tgz 1531ms (cache miss)
308 http fetch GET 200 https://registry.npmjs.org/@babel/parser/-/parser-7.29.8.tgz 1497ms (cache miss)
309 http fetch GET 200 https://registry.npmjs.org/@tanstack/react-store/-/react-store-0.11.1.tgz 1529ms (cache miss)
310 http fetch GET 200 https://registry.npmjs.org/tailwindcss/-/tailwindcss-4.3.3.tgz 1580ms (cache miss)
311 http fetch GET 200 https://registry.npmjs.org/@jridgewell/trace-mapping/-/trace-mapping-0.3.31.tgz 1527ms (cache miss)
312 http fetch GET 200 https://registry.npmjs.org/postcss/-/postcss-8.5.28.tgz 1585ms (cache miss)
313 http fetch GET 200 https://registry.npmjs.org/@tanstack/router-utils/-/router-utils-1.162.3.tgz 1618ms (cache miss)
314 http fetch GET 200 https://registry.npmjs.org/@tailwindcss/oxide-linux-x64-gnu/-/oxide-linux-x64-gnu-4.3.3.tgz 1672ms (cache miss)
315 http fetch GET 200 https://registry.npmjs.org/@babel/generator/-/generator-7.29.8.tgz 1667ms (cache miss)
316 http fetch GET 200 https://registry.npmjs.org/enhanced-resolve/-/enhanced-resolve-5.25.1.tgz 1736ms (cache miss)
317 http fetch GET 200 https://registry.npmjs.org/rolldown/-/rolldown-1.2.9.tgz 1800ms (cache miss)
318 http fetch GET 200 https://registry.npmjs.org/vite/-/vite-8.3.0.tgz 1877ms (cache miss)
319 http fetch GET 200 https://registry.npmjs.org/@babel/traverse/-/traverse-7.29.8.tgz 1836ms (cache miss)
320 http fetch GET 200 https://registry.npmjs.org/react-dom/-/react-dom-19.3.0.tgz 2198ms (cache miss)
321 http fetch GET 200 https://registry.npmjs.org/diff/-/diff-8.0.4.tgz 2228ms (cache miss)
322 http fetch GET 200 https://registry.npmjs.org/@tanstack/router-generator/-/router-generator-1.167.36.tgz 2258ms (cache miss)
323 http fetch GET 200 https://registry.npmjs.org/@babel/core/-/core-7.29.7.tgz 2255ms (cache miss)
324 http fetch GET 200 https://registry.npmjs.org/lightningcss-linux-x64-gnu/-/lightningcss-linux-x64-gnu-1.33.0.tgz 2258ms (cache miss)
325 http fetch GET 200 https://registry.npmjs.org/lightningcss-linux-x64-gnu/-/lightningcss-linux-x64-gnu-1.32.0.tgz 2343ms (cache miss)
326 http fetch GET 200 https://registry.npmjs.org/prettier/-/prettier-3.9.7.tgz 2385ms (cache miss)
327 http fetch GET 200 https://registry.npmjs.org/@babel/types/-/types-7.29.8.tgz 2445ms (cache miss)
328 http fetch GET 200 https://registry.npmjs.org/@babel/helpers/-/helpers-7.29.7.tgz 2520ms (cache miss)
329 http fetch GET 200 https://registry.npmjs.org/@tanstack/router-plugin/-/router-plugin-1.168.38.tgz 2576ms (cache miss)
330 http fetch GET 200 https://registry.npmjs.org/@rolldown/binding-linux-x64-gnu/-/binding-linux-x64-gnu-1.2.9.tgz 2588ms (cache miss)
331 http fetch GET 200 https://registry.npmjs.org/@tanstack/react-router/-/react-router-1.170.36.tgz 2714ms (cache miss)
332 http fetch GET 200 https://registry.npmjs.org/typescript/-/typescript-5.9.3.tgz 2807ms (cache miss)
333 http fetch GET 200 https://registry.npmjs.org/@tanstack/router-core/-/router-core-1.171.30.tgz 2802ms (cache miss)
334 http fetch GET 200 https://registry.npmjs.org/caniuse-lite/-/caniuse-lite-1.0.30001810.tgz 3027ms (cache miss)
335 http fetch GET 200 https://registry.npmjs.org/zod/-/zod-4.6.5.tgz 3242ms (cache miss)
336 silly ADD node_modules/zod
337 silly ADD node_modules/yallist
338 silly ADD node_modules/webpack-virtual-modules
339 silly ADD node_modules/vite
340 silly ADD node_modules/vite/node_modules/lightningcss-linux-x64-gnu
341 silly ADD node_modules/vite/node_modules/lightningcss
342 silly ADD node_modules/use-sync-external-store
343 silly ADD node_modules/update-browserslist-db
344 silly ADD node_modules/unplugin
345 silly ADD node_modules/typescript
346 silly ADD node_modules/tinyglobby
347 silly ADD node_modules/tapable
348 silly ADD node_modules/tailwindcss
349 silly ADD node_modules/source-map-js
350 silly ADD node_modules/seroval-plugins
351 silly ADD node_modules/seroval
352 silly ADD node_modules/semver
353 silly ADD node_modules/scheduler
354 silly ADD node_modules/rolldown
355 silly ADD node_modules/rolldown/node_modules/@rolldown/pluginutils
356 silly ADD node_modules/readdirp
357 silly ADD node_modules/react-refresh
358 silly ADD node_modules/react-dom
359 silly ADD node_modules/react
360 silly ADD node_modules/prettier
361 silly ADD node_modules/postcss
362 silly ADD node_modules/picomatch
363 silly ADD node_modules/picocolors
364 silly ADD node_modules/pathe
365 silly ADD node_modules/node-releases
366 silly ADD node_modules/nanoid
367 silly ADD node_modules/ms
368 silly ADD node_modules/magic-string
369 silly ADD node_modules/lru-cache
370 silly ADD node_modules/lightningcss-linux-x64-gnu
371 silly ADD node_modules/lightningcss
372 silly ADD node_modules/json5
373 silly ADD node_modules/jsesc
374 silly ADD node_modules/js-tokens
375 silly ADD node_modules/jiti
376 silly ADD node_modules/isbot
377 silly ADD node_modules/graceful-fs
378 silly ADD node_modules/gensync
379 silly ADD node_modules/fdir
380 silly ADD node_modules/escalade
381 silly ADD node_modules/enhanced-resolve
382 silly ADD node_modules/electron-to-chromium
383 silly ADD node_modules/diff
384 silly ADD node_modules/detect-libc
385 silly ADD node_modules/debug
386 silly ADD node_modules/csstype
387 silly ADD node_modules/cookie-es
388 silly ADD node_modules/convert-source-map
389 silly ADD node_modules/chokidar
390 silly ADD node_modules/caniuse-lite
391 silly ADD node_modules/browserslist
392 silly ADD node_modules/baseline-browser-mapping
393 silly ADD node_modules/babel-dead-code-elimination
394 silly ADD node_modules/ansis
395 silly ADD node_modules/@vitejs/plugin-react
396 silly ADD node_modules/@types/react-dom
397 silly ADD node_modules/@types/react
398 silly ADD node_modules/@types/babel__traverse
399 silly ADD node_modules/@types/babel__template
400 silly ADD node_modules/@types/babel__generator
401 silly ADD node_modules/@types/babel__core
402 silly ADD node_modules/@tanstack/virtual-file-routes
403 silly ADD node_modules/@tanstack/store
404 silly ADD node_modules/@tanstack/router-utils
405 silly ADD node_modules/@tanstack/router-plugin
406 silly ADD node_modules/@tanstack/router-generator
407 silly ADD node_modules/@tanstack/router-core
408 silly ADD node_modules/@tanstack/react-store
409 silly ADD node_modules/@tanstack/react-router
410 silly ADD node_modules/@tanstack/history
411 silly ADD node_modules/@tailwindcss/vite
412 silly ADD node_modules/@tailwindcss/oxide-linux-x64-gnu
413 silly ADD node_modules/@tailwindcss/oxide
414 silly ADD node_modules/@tailwindcss/node
415 silly ADD node_modules/@rolldown/pluginutils
416 silly ADD node_modules/@rolldown/binding-linux-x64-gnu
417 silly ADD node_modules/@oxc-project/types
418 silly ADD node_modules/@jridgewell/trace-mapping
419 silly ADD node_modules/@jridgewell/sourcemap-codec
420 silly ADD node_modules/@jridgewell/resolve-uri
421 silly ADD node_modules/@jridgewell/remapping
422 silly ADD node_modules/@jridgewell/gen-mapping
423 silly ADD node_modules/@babel/types
424 silly ADD node_modules/@babel/traverse
425 silly ADD node_modules/@babel/template
426 silly ADD node_modules/@babel/plugin-transform-react-jsx-source
427 silly ADD node_modules/@babel/plugin-transform-react-jsx-self
428 silly ADD node_modules/@babel/parser
429 silly ADD node_modules/@babel/helpers
430 silly ADD node_modules/@babel/helper-validator-option
431 silly ADD node_modules/@babel/helper-validator-identifier
432 silly ADD node_modules/@babel/helper-string-parser
433 silly ADD node_modules/@babel/helper-plugin-utils
434 silly ADD node_modules/@babel/helper-module-transforms
435 silly ADD node_modules/@babel/helper-module-imports
436 silly ADD node_modules/@babel/helper-globals
437 silly ADD node_modules/@babel/helper-compilation-targets
438 silly ADD node_modules/@babel/generator
439 silly ADD node_modules/@babel/core
440 silly ADD node_modules/@babel/compat-data
441 silly ADD node_modules/@babel/code-frame
442 verbose cwd /home/sprite
443 verbose os Linux 6.12.105-fly
444 verbose node v24.18.0
445 verbose npm  v12.0.2
446 notice
446 notice New minor version of npm available! 12.0.2 -> 12.1.0
446 notice Changelog: https://github.com/npm/cli/releases/tag/v12.1.0
446 notice To update run: npm install -g npm@12.1.0
446 notice  { force: true, Symbol(proc-log.meta): true }
447 verbose exit 0
448 info ok
